[2026-09-26 22:51:09,899] 18 root - INFO - initiating the data ingestion process
[2026-09-26 22:51:33,374] 82 root - INFO - Performed train test split on the dataframe
[2026-09-26 22:51:33,374] 84 root - INFO - Exited split_data_as_train_test method of Data_Ingestion class
[2026-09-26 22:51:33,375] 91 root - INFO - Exporting train and test file path.
[2026-09-26 22:51:33,500] 101 root - INFO - Exported train and test file path.
[2026-09-26 22:51:33,502] 20 root - INFO - Data Initiation completed
[2026-09-26 22:51:33,515] 25 root - INFO - initiating the data validation process
[2026-09-26 22:51:33,583] 35 root - INFO - Required number of columns: 31
[2026-09-26 22:51:33,583] 36 root - INFO - Dataframe has columns: 31
[2026-09-26 22:51:33,583] 35 root - INFO - Required number of columns: 31
[2026-09-26 22:51:33,583] 36 root - INFO - Dataframe has columns: 31
[2026-09-26 22:51:33,904] 27 root - INFO - Data Validation completed
[2026-09-26 22:51:33,905] 31 root - INFO - data Transformation started
[2026-09-26 22:51:33,905] 56 root - INFO - Entered the initiate_data_transformation method of DataTransformation class
[2026-09-26 22:51:33,906] 58 root - INFO - Starting data transformation
[2026-09-26 22:51:34,009] 40 root - INFO - Entered get_data_transformer_object method of Transformation class
[2026-09-26 22:51:34,010] 45 root - INFO - Initialise KNNImputer with : {'missing_values': nan, 'n_neighbors': 3, 'weights': 'uniform'}
[2026-09-26 22:51:34,126] 47 root - INFO - Entered the save_object method of MainUtils class
[2026-09-26 22:51:34,135] 51 root - INFO - Exited the save_object method of MainUtils class
[2026-09-26 22:51:34,137] 35 root - INFO - data Tranformation completed
