[2026-09-26 22:47:14,791] 18 root - INFO - initiating the data ingestion process
[2026-09-26 22:47:39,605] 82 root - INFO - Performed train test split on the dataframe
[2026-09-26 22:47:39,605] 84 root - INFO - Exited split_data_as_train_test method of Data_Ingestion class
[2026-09-26 22:47:39,606] 91 root - INFO - Exporting train and test file path.
[2026-09-26 22:47:39,682] 101 root - INFO - Exported train and test file path.
[2026-09-26 22:47:39,683] 20 root - INFO - Data Initiation completed
[2026-09-26 22:47:39,691] 25 root - INFO - initiating the data validation process
[2026-09-26 22:47:39,733] 35 root - INFO - Required number of columns: 31
[2026-09-26 22:47:39,733] 36 root - INFO - Dataframe has columns: 31
[2026-09-26 22:47:39,733] 35 root - INFO - Required number of columns: 31
[2026-09-26 22:47:39,733] 36 root - INFO - Dataframe has columns: 31
[2026-09-26 22:47:39,908] 27 root - INFO - Data Validation completed
[2026-09-26 22:47:39,908] 31 root - INFO - data Transformation started
[2026-09-26 22:47:39,908] 56 root - INFO - Entered the initiate_data_transformation method of DataTransformation class
[2026-09-26 22:47:39,908] 58 root - INFO - Starting data transformation
[2026-09-26 22:47:39,949] 40 root - INFO - Entered get_data_transformer_object method of Transformation class
[2026-09-26 22:47:39,949] 45 root - INFO - Initialise KNNImputer with : {'missing_values': nan, 'n_neighbors': 3, 'weights': 'uniform'}
[2026-09-26 22:47:40,058] 47 root - INFO - Entered the save_object method of MainUtils class
[2026-09-26 22:47:40,119] 51 root - INFO - Exited the save_object method of MainUtils class
[2026-09-26 22:47:40,131] 35 root - INFO - data Tranformation completed
